// Jest Snapshot v1, https://goo.gl/fbAQLP

exports[`PlaceSearchResultList renders correctly for "in progress" state 1`] = `
<pre>
  {"0":{"inProgress":true,"term":"xylophone","results":[]},"1":{}}
</pre>
`;

exports[`PlaceSearchResultList renders correctly for "not yet started" state 1`] = `
<pre>
  {"0":{"inProgress":false,"term":"","results":[]},"1":{}}
</pre>
`;

exports[`PlaceSearchResultList renders correctly for populated set of results 1`] = `
<pre>
  {"0":{"inProgress":false,"term":"xylophone","results":[{"id":"1","name":"Donut Hut","rating":1.1,"icon":"https://maps.gstatic.com/mapfiles/place_api/icons/restaurant-71.png","vicinity":"31 Little Canada Road East, Little Canada","url":"https://maps.google.com/?cid=120619770426743829911"},{"id":"2","name":"Donut Hut","rating":1.1,"icon":"https://maps.gstatic.com/mapfiles/place_api/icons/restaurant-71.png","vicinity":"31 Little Canada Road East, Little Canada","url":"https://maps.google.com/?cid=120619770426743829912"},{"id":"3","name":"Donut Hut","rating":1.1,"icon":"https://maps.gstatic.com/mapfiles/place_api/icons/restaurant-71.png","vicinity":"31 Little Canada Road East, Little Canada","url":"https://maps.google.com/?cid=120619770426743829913"}]},"1":{}}
</pre>
`;
